// Jest Snapshot v1, https://goo.gl/fbAQLP

exports[`<BaseCard/> should render correctly 1`] = `undefined`;
