// Jest Snapshot v1, https://goo.gl/fbAQLP

exports[`<ScoresTable> should render correctly 1`] = `undefined`;
